Microchip MPLAB XC8 Compiler V1.37 ()

Linker command line:

-W-3 --edf=C:\Program Files (x86)\Microchip\xc8\v1.37\dat\en_msgs.txt -cs \
  -h+dist/default/production\awTimer.production.sym \
  --cmf=dist/default/production\awTimer.production.cmf -z -Q12F683 \
  -oC:\Users\slava\AppData\Local\Temp\sj8.2 \
  -Mdist/default/production/awTimer.production.map -E1 -ver=XC8 \
  -ASTACK=020h-06fh -pstack=STACK -ACODE=00h-07FFh -ASTRCODE=00h-07FFh \
  -ASTRING=00h-0FFhx8 -ACONST=00h-0FFhx8 -AENTRY=00h-0FFhx8 \
  -ACOMMON=070h-07Fh -ABANK0=020h-06Fh -ABANK1=0A0h-0BFh \
  -ARAM=020h-06Fh,0A0h-0BFh -AABS1=020h-07Fh,0A0h-0BFh -ASFR0=00h-01Fh \
  -ASFR1=080h-09Fh -preset_vec=00h,intentry=04h,init,end_init \
  -ppowerup=CODE -pcinit=CODE -pfunctab=CODE -ACONFIG=02007h-02007h \
  -pconfig=CONFIG -DCONFIG=2 -AIDLOC=02000h-02003h -pidloc=IDLOC -DIDLOC=2 \
  -AEEDATA=00h-0FFh/02100h -peeprom_data=EEDATA -DEEDATA=2 -DCODE=2 \
  -DSTRCODE=2 -DSTRING=2 -DCONST=2 -DENTRY=2 -k \
  C:\Users\slava\AppData\Local\Temp\sj8.obj \
  dist/default/production\awTimer.production.obj 

Object code version is 3.11

Machine type is 12F683



                Name                               Link     Load   Length Selector   Space Scale
C:\Users\slava\AppData\Local\Temp\sj8.obj
                end_init                              A        A        1        8       0
                reset_vec                             0        0        1        0       0
                config                             2007     2007        1     400E       0
dist/default/production\awTimer.production.obj
                cinit                                 B        B        7        8       0
                functab                             100      100        8        2       0
                intentry                              4        4        6        8       0
                text11                              13F      13F       17        2       0
                text10                              187      187        9        2       0
                text9                               124      124       1B        2       0
                text8                               17B      17B        C        2       0
                text7                               1A6      1A6        4        2       0
                text6                               19F      19F        7        2       0
                text5                               190      190        8        2       0
                text4                               16C      16C        F        2       0
                text3                               198      198        7        2       0
                text2                               1AA      1AA        2        2       0
                text1                               156      156       16        2       0
                maintext                            108      108       1C        2       0
                cstackCOMMON                         70       70        6       70       1
                dataCOMMON                           79       79        1       70       1
                bssCOMMON                            76       76        3       70       1

TOTAL           Name                               Link     Load   Length     Space
        CLASS   STACK          

        CLASS   CODE           
                end_init                              A        A        1         0
                cinit                                 B        B        7         0
                functab                             100      100        8         0
                intentry                              4        4        6         0
                reset_vec                             0        0        1         0
                text11                              13F      13F       17         0
                text10                              187      187        9         0
                text9                               124      124       1B         0
                text8                               17B      17B        C         0
                text7                               1A6      1A6        4         0
                text6                               19F      19F        7         0
                text5                               190      190        8         0
                text4                               16C      16C        F         0
                text3                               198      198        7         0
                text2                               1AA      1AA        2         0
                text1                               156      156       16         0
                maintext                            108      108       1C         0

        CLASS   STRCODE        

        CLASS   STRING         

        CLASS   CONST          

        CLASS   ENTRY          

        CLASS   COMMON         
                cstackCOMMON                         70       70        6         1
                dataCOMMON                           79       79        1         1
                bssCOMMON                            76       76        3         1

        CLASS   BANK0          

        CLASS   BANK1          

        CLASS   RAM            

        CLASS   ABS1           
                abs_s1                               7E       7E        2         1

        CLASS   SFR0           

        CLASS   SFR1           

        CLASS   CONFIG         
                config                             2007     2007        1         0

        CLASS   IDLOC          

        CLASS   EEDATA         



SEGMENTS        Name                           Load    Length   Top    Selector   Space  Class     Delta

                reset_vec                      000000  000001  000001         0       0  CODE        2
                intentry                       000004  00000E  000012         8       0  CODE        2
                cstackCOMMON                   000070  00000A  00007A        70       1  COMMON      1
                functab                        000100  0000AC  0001AC         2       0  CODE        2
                config                         002007  000001  002008      400E       0  CONFIG      2


UNUSED ADDRESS RANGES

        Name                Unused          Largest block    Delta
        BANK0            0020-006F             50           1
        BANK1            00A0-00BF             20           1
        CODE             0001-0003              3           2
                         0012-00FF             EE
                         01AC-07FF            654
        COMMON           007A-007D              4           1
        CONST            0001-0003              3           2
                         0012-00FF             EE
                         01AC-07FF            100
        EEDATA           2100-21FF            100           2
        ENTRY            0001-0003              3           2
                         0012-00FF             EE
                         01AC-07FF            100
        IDLOC            2000-2003              4           2
        RAM              0020-006F             50           1
                         00A0-00BF             20
        SFR0             0000-001F             20           1
        SFR1             0080-009F             20           1
        STACK            0020-006F             50           1
        STRCODE          0001-0003              3           2
                         0012-00FF             EE
                         01AC-07FF            654
        STRING           0001-0003              3           2
                         0012-00FF             EE
                         01AC-07FF            100

                                  Symbol Table

_ADCON0bits                 (abs)        001F
_ANSELbits                  (abs)        009F
_CMCON0                     (abs)        0019
_GP2                        (abs)        002A
_GP3                        (abs)        002B
_GP4                        (abs)        002C
_GP5                        (abs)        002D
_GPIO                       (abs)        0005
_INTCONbits                 (abs)        000B
_OPTION_REGbits             (abs)        0081
_OSCCONbits                 (abs)        008F
_PIE1bits                   (abs)        008C
_PIR1bits                   (abs)        000C
_T1CONbits                  (abs)        0010
_TMR1H                      (abs)        000F
_TMR1L                      (abs)        000E
_TRISIO                     (abs)        0085
_Timer1_off                 text6        019F
_Timer1_on                  text4        016C
__CFG_BOREN$OFF             (abs)        0000
__CFG_CP$OFF                (abs)        0000
__CFG_CPD$OFF               (abs)        0000
__CFG_FCMEN$OFF             (abs)        0000
__CFG_FOSC$INTOSCIO         (abs)        0000
__CFG_IESO$OFF              (abs)        0000
__CFG_MCLRE$OFF             (abs)        0000
__CFG_PWRTE$OFF             (abs)        0000
__CFG_WDTE$OFF              (abs)        0000
__Habs1                     abs1         0000
__Hbank0                    bank0        0000
__Hbank1                    bank1        0000
__HbssCOMMON                bssCOMMON    0000
__Hcinit                    cinit        0012
__Hclrtext                  clrtext      0000
__Hcode                     code         0000
__Hcommon                   common       0000
__Hconfig                   config       2008
__HcstackCOMMON             cstackCOMMON 0000
__HdataCOMMON               dataCOMMON   0000
__Heeprom_data              eeprom_data  0000
__Hend_init                 end_init     000B
__Hfunctab                  functab      0108
__HidataCOMMON              idataCOMMON  0000
__Hidloc                    idloc        0000
__Hinit                     init         000A
__Hintentry                 intentry     000A
__Hmaintext                 maintext     0000
__Hpa_nodes                 pa_nodes     0000
__Hpowerup                  powerup      0000
__Hram                      ram          0000
__Hreset_vec                reset_vec    0001
__Hsfr0                     sfr0         0000
__Hsfr1                     sfr1         0000
__Hspace_0                  (abs)        2008
__Hspace_1                  (abs)        007A
__Hspace_2                  (abs)        0000
__Hspace_3                  (abs)        0000
__Hstack                    stack        0000
__Hstrings                  strings      0000
__Htext                     text         0000
__Labs1                     abs1         0000
__Lbank0                    bank0        0000
__Lbank1                    bank1        0000
__LbssCOMMON                bssCOMMON    0000
__Lcinit                    cinit        000B
__Lclrtext                  clrtext      0000
__Lcode                     code         0000
__Lcommon                   common       0000
__Lconfig                   config       2007
__LcstackCOMMON             cstackCOMMON 0000
__LdataCOMMON               dataCOMMON   0000
__Leeprom_data              eeprom_data  0000
__Lend_init                 end_init     000A
__Lfunctab                  functab      0100
__LidataCOMMON              idataCOMMON  0000
__Lidloc                    idloc        0000
__Linit                     init         000A
__Lintentry                 intentry     0004
__Lmaintext                 maintext     0000
__Lpa_nodes                 pa_nodes     0000
__Lpowerup                  powerup      0000
__Lram                      ram          0000
__Lreset_vec                reset_vec    0000
__Lsfr0                     sfr0         0000
__Lsfr1                     sfr1         0000
__Lspace_0                  (abs)        0000
__Lspace_1                  (abs)        0000
__Lspace_2                  (abs)        0000
__Lspace_3                  (abs)        0000
__Lstack                    stack        0000
__Lstrings                  strings      0000
__Ltext                     text         0000
__S0                        (abs)        2008
__S1                        (abs)        007A
__S2                        (abs)        0000
__S3                        (abs)        0000
___int_sp                   stack        0000
___latbits                  (abs)        0000
___sp                       stack        0000
__end_of_Timer1_off         text6        01A6
__end_of_Timer1_on          text4        017B
__end_of__fptable           functab      0108
__end_of__initialization    cinit        0010
__end_of_blink              text10       0190
__end_of_keyPressed         text7        01AA
__end_of_lightOn            text3        019F
__end_of_main               maintext     0124
__end_of_mainTimer          text1        016C
__end_of_pSSSt              text9        013F
__end_of_tc_int             text11       0156
__end_of_timerOff           text5        0198
__end_of_waitForKeyRelease  text8        0187
__end_of_waitForLight       text2        01AC
__fptable                   functab      0100
__initialization            cinit        000B
__pbssCOMMON                bssCOMMON    0076
__pcstackCOMMON             cstackCOMMON 0070
__pdataCOMMON               dataCOMMON   0079
__pfunctab                  functab      0100
__pidataCOMMON              idataCOMMON  0000
__pintentry                 intentry     0004
__pmaintext                 maintext     0108
__ptext1                    text1        0156
__ptext10                   text10       0187
__ptext11                   text11       013F
__ptext2                    text2        01AA
__ptext3                    text3        0198
__ptext4                    text4        016C
__ptext5                    text5        0190
__ptext6                    text6        019F
__ptext7                    text7        01A6
__ptext8                    text8        017B
__ptext9                    text9        0124
__size_of_Timer1_off        (abs)        0000
__size_of_Timer1_on         (abs)        0000
__size_of__fptable          (abs)        0000
__size_of_blink             (abs)        0000
__size_of_keyPressed        (abs)        0000
__size_of_lightOn           (abs)        0000
__size_of_main              (abs)        0000
__size_of_mainTimer         (abs)        0000
__size_of_pSSSt             (abs)        0000
__size_of_tc_int            (abs)        0000
__size_of_timerOff          (abs)        0000
__size_of_waitForKeyRelease (abs)        0000
__size_of_waitForLight      (abs)        0000
_blink                      text10       0187
_bp                         bssCOMMON    0076
_handler                    dataCOMMON   0079
_keyPressed                 text7        01A6
_lightBuf                   bssCOMMON    0077
_lightOn                    text3        0198
_main                       maintext     0108
_mainTimer                  text1        0156
_pSSSt                      text9        0124
_sec_count                  bssCOMMON    0078
_tc_int                     text11       013F
_timerOff                   text5        0190
_waitForKeyRelease          text8        017B
_waitForLight               text2        01AA
btemp                       (abs)        007E
end_of_initialization       cinit        0010
fpbase                      functab      0105
fptable                     functab      0100
fptotal                     (abs)        0005
interrupt_function          intentry     0004
intlevel0                   functab      0100
intlevel1                   functab      0100
intlevel2                   functab      0100
intlevel3                   functab      0100
intlevel4                   functab      0100
intlevel5                   functab      0100
ltemp                       (abs)        007E
ltemp0                      (abs)        007E
ltemp1                      (abs)        0082
ltemp2                      (abs)        0086
ltemp3                      (abs)        0080
pSSSt@i                     cstackCOMMON 0075
reset_vec                   reset_vec    0000
saved_w                     (abs)        007E
stackhi                     (abs)        0000
stacklo                     (abs)        0000
start                       init         000A
start_initialization        cinit        000B
ttemp                       (abs)        007E
ttemp0                      (abs)        007E
ttemp1                      (abs)        0081
ttemp2                      (abs)        0084
ttemp3                      (abs)        0087
ttemp4                      (abs)        007F
waitForKeyRelease@keyBuf    cstackCOMMON 0072
wtemp                       (abs)        007E
wtemp0                      (abs)        007E
wtemp1                      (abs)        0080
wtemp2                      (abs)        0082
wtemp3                      (abs)        0084
wtemp4                      (abs)        0086
wtemp5                      (abs)        0088
wtemp6                      (abs)        007F


FUNCTION INFORMATION:

 *************** function _main *****************
 Defined at:
		line 158 in file "main.c"
 Parameters:    Size  Location     Type
		None
 Auto vars:     Size  Location     Type
		None
 Return value:  Size  Location     Type
                  1    wreg      void 
 Registers used:
		wreg, status,2, status,0, pclath, cstack
 Tracked objects:
		On entry : 
		On exit  : 
		Unchanged: 
 Data sizes:     COMMON   BANK0   BANK1
      Params:         0       0       0
      Locals:         0       0       0
      Temps:          0       0       0
      Totals:         0       0       0
Total ram usage:        0 bytes
 Hardware stack levels required when called:    5
 This function calls:
		_lightOn
		_mainTimer
		_waitForLight
 This function is called by:
		Startup code after reset
 This function uses a non-reentrant model


 *************** function _mainTimer *****************
 Defined at:
		line 111 in file "main.c"
 Parameters:    Size  Location     Type
		None
 Auto vars:     Size  Location     Type
		None
 Return value:  Size  Location     Type
                  1    wreg      void 
 Registers used:
		wreg, status,2, status,0, pclath, cstack
 Tracked objects:
		On entry : 
		On exit  : 
		Unchanged: 
 Data sizes:     COMMON   BANK0   BANK1
      Params:         0       0       0
      Locals:         0       0       0
      Temps:          0       0       0
      Totals:         0       0       0
Total ram usage:        0 bytes
 Hardware stack levels used:    1
 Hardware stack levels required when called:    4
 This function calls:
		_blink
		_keyPressed
		_timerOff
 This function is called by:
		_lightOn
		_main
 This function uses a non-reentrant model


 *************** function _waitForLight *****************
 Defined at:
		line 139 in file "main.c"
 Parameters:    Size  Location     Type
		None
 Auto vars:     Size  Location     Type
		None
 Return value:  Size  Location     Type
                  1    wreg      void 
 Registers used:
		wreg, status,2, status,0, pclath, cstack
 Tracked objects:
		On entry : 
		On exit  : 
		Unchanged: 
 Data sizes:     COMMON   BANK0   BANK1
      Params:         0       0       0
      Locals:         0       0       0
      Temps:          0       0       0
      Totals:         0       0       0
Total ram usage:        0 bytes
 Hardware stack levels used:    1
 Hardware stack levels required when called:    3
 This function calls:
		_lightOn
 This function is called by:
		_timerOff
		_main
 This function uses a non-reentrant model


 *************** function _lightOn *****************
 Defined at:
		line 129 in file "main.c"
 Parameters:    Size  Location     Type
		None
 Auto vars:     Size  Location     Type
		None
 Return value:  Size  Location     Type
                  1    wreg      void 
 Registers used:
		wreg, status,2, status,0, pclath, cstack
 Tracked objects:
		On entry : 
		On exit  : 
		Unchanged: 
 Data sizes:     COMMON   BANK0   BANK1
      Params:         0       0       0
      Locals:         0       0       0
      Temps:          0       0       0
      Totals:         0       0       0
Total ram usage:        0 bytes
 Hardware stack levels used:    1
 Hardware stack levels required when called:    2
 This function calls:
		_Timer1_on
 This function is called by:
		_waitForLight
		_main
 This function uses a non-reentrant model


 *************** function _Timer1_on *****************
 Defined at:
		line 34 in file "main.c"
 Parameters:    Size  Location     Type
		None
 Auto vars:     Size  Location     Type
		None
 Return value:  Size  Location     Type
                  1    wreg      void 
 Registers used:
		wreg
 Tracked objects:
		On entry : 
		On exit  : 
		Unchanged: 
 Data sizes:     COMMON   BANK0   BANK1
      Params:         0       0       0
      Locals:         0       0       0
      Temps:          0       0       0
      Totals:         0       0       0
Total ram usage:        0 bytes
 Hardware stack levels used:    1
 Hardware stack levels required when called:    1
 This function calls:
		Nothing
 This function is called by:
		_lightOn
 This function uses a non-reentrant model


 *************** function _timerOff *****************
 Defined at:
		line 82 in file "main.c"
 Parameters:    Size  Location     Type
		None
 Auto vars:     Size  Location     Type
		None
 Return value:  Size  Location     Type
                  1    wreg      void 
 Registers used:
		wreg, status,2, status,0, pclath, cstack
 Tracked objects:
		On entry : 
		On exit  : 
		Unchanged: 
 Data sizes:     COMMON   BANK0   BANK1
      Params:         0       0       0
      Locals:         0       0       0
      Temps:          0       0       0
      Totals:         0       0       0
Total ram usage:        0 bytes
 Hardware stack levels used:    1
 Hardware stack levels required when called:    3
 This function calls:
		_Timer1_off
		_pSSSt
 This function is called by:
		_mainTimer
 This function uses a non-reentrant model


 *************** function _Timer1_off *****************
 Defined at:
		line 51 in file "main.c"
 Parameters:    Size  Location     Type
		None
 Auto vars:     Size  Location     Type
		None
 Return value:  Size  Location     Type
                  1    wreg      void 
 Registers used:
		None
 Tracked objects:
		On entry : 
		On exit  : 
		Unchanged: 
 Data sizes:     COMMON   BANK0   BANK1
      Params:         0       0       0
      Locals:         0       0       0
      Temps:          0       0       0
      Totals:         0       0       0
Total ram usage:        0 bytes
 Hardware stack levels used:    1
 Hardware stack levels required when called:    1
 This function calls:
		Nothing
 This function is called by:
		_timerOff
 This function uses a non-reentrant model


 *************** function _keyPressed *****************
 Defined at:
		line 103 in file "main.c"
 Parameters:    Size  Location     Type
		None
 Auto vars:     Size  Location     Type
		None
 Return value:  Size  Location     Type
                  1    wreg      void 
 Registers used:
		wreg, status,2, status,0, pclath, cstack
 Tracked objects:
		On entry : 
		On exit  : 
		Unchanged: 
 Data sizes:     COMMON   BANK0   BANK1
      Params:         0       0       0
      Locals:         0       0       0
      Temps:          0       0       0
      Totals:         0       0       0
Total ram usage:        0 bytes
 Hardware stack levels used:    1
 Hardware stack levels required when called:    3
 This function calls:
		_pSSSt
		_waitForKeyRelease
 This function is called by:
		_mainTimer
 This function uses a non-reentrant model


 *************** function _waitForKeyRelease *****************
 Defined at:
		line 90 in file "main.c"
 Parameters:    Size  Location     Type
		None
 Auto vars:     Size  Location     Type
  keyBuf          1    2[COMMON] unsigned char 
 Return value:  Size  Location     Type
                  1    wreg      void 
 Registers used:
		wreg, status,2, status,0
 Tracked objects:
		On entry : 
		On exit  : 
		Unchanged: 
 Data sizes:     COMMON   BANK0   BANK1
      Params:         0       0       0
      Locals:         1       0       0
      Temps:          0       0       0
      Totals:         1       0       0
Total ram usage:        1 bytes
 Hardware stack levels used:    1
 Hardware stack levels required when called:    1
 This function calls:
		Nothing
 This function is called by:
		_keyPressed
 This function uses a non-reentrant model


 *************** function _pSSSt *****************
 Defined at:
		line 67 in file "main.c"
 Parameters:    Size  Location     Type
		None
 Auto vars:     Size  Location     Type
  i               1    5[COMMON] unsigned char 
 Return value:  Size  Location     Type
                  1    wreg      void 
 Registers used:
		wreg, status,2, status,0, pclath, cstack
 Tracked objects:
		On entry : 
		On exit  : 
		Unchanged: 
 Data sizes:     COMMON   BANK0   BANK1
      Params:         0       0       0
      Locals:         1       0       0
      Temps:          2       0       0
      Totals:         3       0       0
Total ram usage:        3 bytes
 Hardware stack levels used:    1
 Hardware stack levels required when called:    2
 This function calls:
		_blink
 This function is called by:
		_timerOff
		_keyPressed
 This function uses a non-reentrant model


 *************** function _blink *****************
 Defined at:
		line 61 in file "main.c"
 Parameters:    Size  Location     Type
		None
 Auto vars:     Size  Location     Type
		None
 Return value:  Size  Location     Type
                  1    wreg      void 
 Registers used:
		wreg
 Tracked objects:
		On entry : 
		On exit  : 
		Unchanged: 
 Data sizes:     COMMON   BANK0   BANK1
      Params:         0       0       0
      Locals:         0       0       0
      Temps:          1       0       0
      Totals:         1       0       0
Total ram usage:        1 bytes
 Hardware stack levels used:    1
 Hardware stack levels required when called:    1
 This function calls:
		Nothing
 This function is called by:
		_pSSSt
		_mainTimer
 This function uses a non-reentrant model


 *************** function _tc_int *****************
 Defined at:
		line 144 in file "main.c"
 Parameters:    Size  Location     Type
		None
 Auto vars:     Size  Location     Type
		None
 Return value:  Size  Location     Type
                  1    wreg      void 
 Registers used:
		wreg, status,2, status,0
 Tracked objects:
		On entry : 
		On exit  : 
		Unchanged: 
 Data sizes:     COMMON   BANK0   BANK1
      Params:         0       0       0
      Locals:         0       0       0
      Temps:          2       0       0
      Totals:         2       0       0
Total ram usage:        2 bytes
 Hardware stack levels used:    1
 This function calls:
		Nothing
 This function is called by:
		Interrupt level 1
 This function uses a non-reentrant model



MODULE INFORMATION

Module		Function		Class		Link	Load	Size
shared
		__initialization		CODE           	000B	0000	6
		__fptable      		CODE           	0100	0000	9

shared estimated size: 15

main.c
		_main          		CODE           	0108	0000	29
		_tc_int        		CODE           	013F	0000	24
		_Timer1_on     		CODE           	016C	0000	16
		_Timer1_off    		CODE           	019F	0000	8
		_waitForLight  		CODE           	01AA	0000	3
		_lightOn       		CODE           	0198	0000	8
		_pSSSt         		CODE           	0124	0000	28
		_waitForKeyRelease		CODE           	017B	0000	13
		_blink         		CODE           	0187	0000	10
		_mainTimer     		CODE           	0156	0000	23
		_timerOff      		CODE           	0190	0000	9
		_keyPressed    		CODE           	01A6	0000	5

main.c estimated size: 176

